// Jest Snapshot v1, https://jestjs.io/docs/snapshot-testing

exports[`Task controller given a task to create when creating a task should create the task (201 Created) 1`] = `
TaskResponse {
  "description": "Test Description",
  "id": 1,
  "title": "Test Task",
}
`;

exports[`Task controller given an existing task when updating a task should update the task (200 OK) 1`] = `
TaskResponse {
  "description": "Test Description",
  "id": 1,
  "title": "Test Task",
}
`;

exports[`Task controller given an existing task when viewing a task should return the task (200 OK) 1`] = `
TaskResponse {
  "description": "Test Description",
  "id": 1,
  "title": "Test Task",
}
`;

exports[`Task controller given tasks in the system when listing tasks should list all tasks (200 OK) 1`] = `
[
  TaskResponse {
    "description": "Test Description",
    "id": 1,
    "title": "Test Task",
  },
]
`;
